#! /c/Source/iverilog-install/bin/vvp
:ivl_version "12.0 (devel)" "(s20150603-1539-g2693dd32b)";
:ivl_delay_selection "TYPICAL";
:vpi_time_precision - 12;
:vpi_module "C:\iverilog\lib\ivl\system.vpi";
:vpi_module "C:\iverilog\lib\ivl\vhdl_sys.vpi";
:vpi_module "C:\iverilog\lib\ivl\vhdl_textio.vpi";
:vpi_module "C:\iverilog\lib\ivl\v2005_math.vpi";
:vpi_module "C:\iverilog\lib\ivl\va_math.vpi";
:vpi_module "C:\iverilog\lib\ivl\v2009.vpi";
S_0000025fe078e530 .scope package, "$unit" "$unit" 2 1;
 .timescale 0 0;
S_0000025fe078e6c0 .scope module, "alu_control_tb" "alu_control_tb" 3 3;
 .timescale -9 -12;
v0000025fe078bc30_0 .var "ALUOp", 1 0;
v0000025fe078bcd0_0 .net "alu_control", 3 0, v0000025fe078b560_0;  1 drivers
v0000025fe078bd70_0 .var "funct3", 2 0;
v0000025fe07a2e70_0 .var "funct7", 6 0;
S_0000025fe07a2ce0 .scope module, "uut" "alu_control" 3 11, 4 1 0, S_0000025fe078e6c0;
 .timescale 0 0;
    .port_info 0 /INPUT 2 "ALUOp";
    .port_info 1 /INPUT 3 "funct3";
    .port_info 2 /INPUT 7 "funct7";
    .port_info 3 /OUTPUT 4 "alu_control";
v0000025fe07a34b0_0 .net "ALUOp", 1 0, v0000025fe078bc30_0;  1 drivers
v0000025fe078b560_0 .var "alu_control", 3 0;
v0000025fe078e850_0 .net "funct3", 2 0, v0000025fe078bd70_0;  1 drivers
v0000025fe078e8f0_0 .net "funct7", 6 0, v0000025fe07a2e70_0;  1 drivers
E_0000025fe07c5c40 .event anyedge, v0000025fe07a34b0_0, v0000025fe078e8f0_0, v0000025fe078e850_0;
    .scope S_0000025fe07a2ce0;
T_0 ;
Ewait_0 .event/or E_0000025fe07c5c40, E_0x0;
    %wait Ewait_0;
    %load/vec4 v0000025fe07a34b0_0;
    %dup/vec4;
    %pushi/vec4 0, 0, 2;
    %cmp/u;
    %jmp/1 T_0.0, 6;
    %dup/vec4;
    %pushi/vec4 1, 0, 2;
    %cmp/u;
    %jmp/1 T_0.1, 6;
    %dup/vec4;
    %pushi/vec4 2, 0, 2;
    %cmp/u;
    %jmp/1 T_0.2, 6;
    %pushi/vec4 0, 0, 4;
    %store/vec4 v0000025fe078b560_0, 0, 4;
    %jmp T_0.4;
T_0.0 ;
    %pushi/vec4 0, 0, 4;
    %store/vec4 v0000025fe078b560_0, 0, 4;
    %jmp T_0.4;
T_0.1 ;
    %pushi/vec4 1, 0, 4;
    %store/vec4 v0000025fe078b560_0, 0, 4;
    %jmp T_0.4;
T_0.2 ;
    %load/vec4 v0000025fe078e8f0_0;
    %load/vec4 v0000025fe078e850_0;
    %concat/vec4; draw_concat_vec4
    %dup/vec4;
    %pushi/vec4 0, 0, 10;
    %cmp/u;
    %jmp/1 T_0.5, 6;
    %dup/vec4;
    %pushi/vec4 256, 0, 10;
    %cmp/u;
    %jmp/1 T_0.6, 6;
    %dup/vec4;
    %pushi/vec4 7, 0, 10;
    %cmp/u;
    %jmp/1 T_0.7, 6;
    %dup/vec4;
    %pushi/vec4 6, 0, 10;
    %cmp/u;
    %jmp/1 T_0.8, 6;
    %dup/vec4;
    %pushi/vec4 4, 0, 10;
    %cmp/u;
    %jmp/1 T_0.9, 6;
    %dup/vec4;
    %pushi/vec4 2, 0, 10;
    %cmp/u;
    %jmp/1 T_0.10, 6;
    %pushi/vec4 0, 0, 4;
    %store/vec4 v0000025fe078b560_0, 0, 4;
    %jmp T_0.12;
T_0.5 ;
    %pushi/vec4 0, 0, 4;
    %store/vec4 v0000025fe078b560_0, 0, 4;
    %jmp T_0.12;
T_0.6 ;
    %pushi/vec4 1, 0, 4;
    %store/vec4 v0000025fe078b560_0, 0, 4;
    %jmp T_0.12;
T_0.7 ;
    %pushi/vec4 2, 0, 4;
    %store/vec4 v0000025fe078b560_0, 0, 4;
    %jmp T_0.12;
T_0.8 ;
    %pushi/vec4 3, 0, 4;
    %store/vec4 v0000025fe078b560_0, 0, 4;
    %jmp T_0.12;
T_0.9 ;
    %pushi/vec4 4, 0, 4;
    %store/vec4 v0000025fe078b560_0, 0, 4;
    %jmp T_0.12;
T_0.10 ;
    %pushi/vec4 5, 0, 4;
    %store/vec4 v0000025fe078b560_0, 0, 4;
    %jmp T_0.12;
T_0.12 ;
    %pop/vec4 1;
    %jmp T_0.4;
T_0.4 ;
    %pop/vec4 1;
    %jmp T_0;
    .thread T_0, $push;
    .scope S_0000025fe078e6c0;
T_1 ;
    %vpi_call/w 3 22 "$dumpfile", "alu_control.vcd" {0 0 0};
    %vpi_call/w 3 23 "$dumpvars", 32'sb00000000000000000000000000000000, S_0000025fe078e6c0 {0 0 0};
    %pushi/vec4 2, 0, 2;
    %store/vec4 v0000025fe078bc30_0, 0, 2;
    %pushi/vec4 0, 0, 7;
    %store/vec4 v0000025fe07a2e70_0, 0, 7;
    %pushi/vec4 0, 0, 3;
    %store/vec4 v0000025fe078bd70_0, 0, 3;
    %delay 10000, 0;
    %pushi/vec4 32, 0, 7;
    %store/vec4 v0000025fe07a2e70_0, 0, 7;
    %pushi/vec4 0, 0, 3;
    %store/vec4 v0000025fe078bd70_0, 0, 3;
    %delay 10000, 0;
    %pushi/vec4 0, 0, 7;
    %store/vec4 v0000025fe07a2e70_0, 0, 7;
    %pushi/vec4 7, 0, 3;
    %store/vec4 v0000025fe078bd70_0, 0, 3;
    %delay 10000, 0;
    %pushi/vec4 6, 0, 3;
    %store/vec4 v0000025fe078bd70_0, 0, 3;
    %delay 10000, 0;
    %pushi/vec4 4, 0, 3;
    %store/vec4 v0000025fe078bd70_0, 0, 3;
    %delay 10000, 0;
    %pushi/vec4 2, 0, 3;
    %store/vec4 v0000025fe078bd70_0, 0, 3;
    %delay 10000, 0;
    %pushi/vec4 0, 0, 2;
    %store/vec4 v0000025fe078bc30_0, 0, 2;
    %delay 10000, 0;
    %pushi/vec4 1, 0, 2;
    %store/vec4 v0000025fe078bc30_0, 0, 2;
    %delay 10000, 0;
    %vpi_call/w 3 61 "$finish" {0 0 0};
    %end;
    .thread T_1;
# The file index is used to find the file name in the following table.
:file_names 5;
    "N/A";
    "<interactive>";
    "-";
    "testbench/alu_control_tb.sv";
    "rtl/alu_control.sv";
