#! /c/Source/iverilog-install/bin/vvp
:ivl_version "12.0 (devel)" "(s20150603-1539-g2693dd32b)";
:ivl_delay_selection "TYPICAL";
:vpi_time_precision - 12;
:vpi_module "C:\iverilog\lib\ivl\system.vpi";
:vpi_module "C:\iverilog\lib\ivl\vhdl_sys.vpi";
:vpi_module "C:\iverilog\lib\ivl\vhdl_textio.vpi";
:vpi_module "C:\iverilog\lib\ivl\v2005_math.vpi";
:vpi_module "C:\iverilog\lib\ivl\va_math.vpi";
:vpi_module "C:\iverilog\lib\ivl\v2009.vpi";
S_000001f707de8b20 .scope package, "$unit" "$unit" 2 1;
 .timescale 0 0;
S_000001f707de8cb0 .scope module, "control_unit_tb" "control_unit_tb" 3 3;
 .timescale -9 -12;
v000001f707db30f0_0 .net "ALUOp", 1 0, v000001f707db34d0_0;  1 drivers
v000001f707e34010_0 .net "ALUSrc", 0 0, v000001f707d9bb50_0;  1 drivers
v000001f707e348c0_0 .net "Branch", 0 0, v000001f707de8e40_0;  1 drivers
v000001f707e34960_0 .net "MemRead", 0 0, v000001f707de8ee0_0;  1 drivers
v000001f707e34a00_0 .net "MemWrite", 0 0, v000001f707db2e70_0;  1 drivers
v000001f707e34aa0_0 .net "MemtoReg", 0 0, v000001f707db2f10_0;  1 drivers
v000001f707e34b40_0 .net "RegWrite", 0 0, v000001f707db2fb0_0;  1 drivers
v000001f707e34be0_0 .var "opcode", 6 0;
S_000001f707db2ce0 .scope module, "uut" "control_unit" 3 15, 4 1 0, S_000001f707de8cb0;
 .timescale 0 0;
    .port_info 0 /INPUT 7 "opcode";
    .port_info 1 /OUTPUT 1 "RegWrite";
    .port_info 2 /OUTPUT 1 "MemRead";
    .port_info 3 /OUTPUT 1 "MemWrite";
    .port_info 4 /OUTPUT 1 "MemtoReg";
    .port_info 5 /OUTPUT 1 "ALUSrc";
    .port_info 6 /OUTPUT 1 "Branch";
    .port_info 7 /OUTPUT 2 "ALUOp";
v000001f707db34d0_0 .var "ALUOp", 1 0;
v000001f707d9bb50_0 .var "ALUSrc", 0 0;
v000001f707de8e40_0 .var "Branch", 0 0;
v000001f707de8ee0_0 .var "MemRead", 0 0;
v000001f707db2e70_0 .var "MemWrite", 0 0;
v000001f707db2f10_0 .var "MemtoReg", 0 0;
v000001f707db2fb0_0 .var "RegWrite", 0 0;
v000001f707db3050_0 .net "opcode", 6 0, v000001f707e34be0_0;  1 drivers
E_000001f707d9a890 .event anyedge, v000001f707db3050_0;
    .scope S_000001f707db2ce0;
T_0 ;
Ewait_0 .event/or E_000001f707d9a890, E_0x0;
    %wait Ewait_0;
    %pushi/vec4 0, 0, 1;
    %store/vec4 v000001f707db2fb0_0, 0, 1;
    %pushi/vec4 0, 0, 1;
    %store/vec4 v000001f707de8ee0_0, 0, 1;
    %pushi/vec4 0, 0, 1;
    %store/vec4 v000001f707db2e70_0, 0, 1;
    %pushi/vec4 0, 0, 1;
    %store/vec4 v000001f707db2f10_0, 0, 1;
    %pushi/vec4 0, 0, 1;
    %store/vec4 v000001f707d9bb50_0, 0, 1;
    %pushi/vec4 0, 0, 1;
    %store/vec4 v000001f707de8e40_0, 0, 1;
    %pushi/vec4 0, 0, 2;
    %store/vec4 v000001f707db34d0_0, 0, 2;
    %load/vec4 v000001f707db3050_0;
    %dup/vec4;
    %pushi/vec4 51, 0, 7;
    %cmp/u;
    %jmp/1 T_0.0, 6;
    %dup/vec4;
    %pushi/vec4 3, 0, 7;
    %cmp/u;
    %jmp/1 T_0.1, 6;
    %dup/vec4;
    %pushi/vec4 35, 0, 7;
    %cmp/u;
    %jmp/1 T_0.2, 6;
    %dup/vec4;
    %pushi/vec4 99, 0, 7;
    %cmp/u;
    %jmp/1 T_0.3, 6;
    %dup/vec4;
    %pushi/vec4 19, 0, 7;
    %cmp/u;
    %jmp/1 T_0.4, 6;
    %jmp T_0.5;
T_0.0 ;
    %pushi/vec4 1, 0, 1;
    %store/vec4 v000001f707db2fb0_0, 0, 1;
    %pushi/vec4 0, 0, 1;
    %store/vec4 v000001f707d9bb50_0, 0, 1;
    %pushi/vec4 2, 0, 2;
    %store/vec4 v000001f707db34d0_0, 0, 2;
    %jmp T_0.5;
T_0.1 ;
    %pushi/vec4 1, 0, 1;
    %store/vec4 v000001f707db2fb0_0, 0, 1;
    %pushi/vec4 1, 0, 1;
    %store/vec4 v000001f707de8ee0_0, 0, 1;
    %pushi/vec4 1, 0, 1;
    %store/vec4 v000001f707db2f10_0, 0, 1;
    %pushi/vec4 1, 0, 1;
    %store/vec4 v000001f707d9bb50_0, 0, 1;
    %pushi/vec4 0, 0, 2;
    %store/vec4 v000001f707db34d0_0, 0, 2;
    %jmp T_0.5;
T_0.2 ;
    %pushi/vec4 1, 0, 1;
    %store/vec4 v000001f707db2e70_0, 0, 1;
    %pushi/vec4 1, 0, 1;
    %store/vec4 v000001f707d9bb50_0, 0, 1;
    %pushi/vec4 0, 0, 2;
    %store/vec4 v000001f707db34d0_0, 0, 2;
    %jmp T_0.5;
T_0.3 ;
    %pushi/vec4 1, 0, 1;
    %store/vec4 v000001f707de8e40_0, 0, 1;
    %pushi/vec4 1, 0, 2;
    %store/vec4 v000001f707db34d0_0, 0, 2;
    %jmp T_0.5;
T_0.4 ;
    %pushi/vec4 1, 0, 1;
    %store/vec4 v000001f707db2fb0_0, 0, 1;
    %pushi/vec4 1, 0, 1;
    %store/vec4 v000001f707d9bb50_0, 0, 1;
    %pushi/vec4 0, 0, 2;
    %store/vec4 v000001f707db34d0_0, 0, 2;
    %jmp T_0.5;
T_0.5 ;
    %pop/vec4 1;
    %jmp T_0;
    .thread T_0, $push;
    .scope S_000001f707de8cb0;
T_1 ;
    %vpi_call/w 3 31 "$dumpfile", "control_unit.vcd" {0 0 0};
    %vpi_call/w 3 32 "$dumpvars", 32'sb00000000000000000000000000000000, S_000001f707de8cb0 {0 0 0};
    %pushi/vec4 51, 0, 7;
    %store/vec4 v000001f707e34be0_0, 0, 7;
    %delay 10000, 0;
    %pushi/vec4 3, 0, 7;
    %store/vec4 v000001f707e34be0_0, 0, 7;
    %delay 10000, 0;
    %pushi/vec4 35, 0, 7;
    %store/vec4 v000001f707e34be0_0, 0, 7;
    %delay 10000, 0;
    %pushi/vec4 99, 0, 7;
    %store/vec4 v000001f707e34be0_0, 0, 7;
    %delay 10000, 0;
    %pushi/vec4 19, 0, 7;
    %store/vec4 v000001f707e34be0_0, 0, 7;
    %delay 10000, 0;
    %vpi_call/w 3 49 "$finish" {0 0 0};
    %end;
    .thread T_1;
# The file index is used to find the file name in the following table.
:file_names 5;
    "N/A";
    "<interactive>";
    "-";
    "testbench/control_unit_tb.sv";
    "rtl/control_unit.sv";
