#! /c/Source/iverilog-install/bin/vvp
:ivl_version "12.0 (devel)" "(s20150603-1539-g2693dd32b)";
:ivl_delay_selection "TYPICAL";
:vpi_time_precision - 12;
:vpi_module "C:\iverilog\lib\ivl\system.vpi";
:vpi_module "C:\iverilog\lib\ivl\vhdl_sys.vpi";
:vpi_module "C:\iverilog\lib\ivl\vhdl_textio.vpi";
:vpi_module "C:\iverilog\lib\ivl\v2005_math.vpi";
:vpi_module "C:\iverilog\lib\ivl\va_math.vpi";
:vpi_module "C:\iverilog\lib\ivl\v2009.vpi";
S_000001f92eace6e0 .scope package, "$unit" "$unit" 2 1;
 .timescale 0 0;
S_000001f92eace870 .scope module, "dmem_tb" "dmem_tb" 3 3;
 .timescale -9 -12;
v000001f92eae2fb0_0 .var "MemRead", 0 0;
v000001f92eb64580_0 .var "MemWrite", 0 0;
v000001f92eb64d00_0 .var "addr", 31 0;
v000001f92eb641c0_0 .var "clk", 0 0;
v000001f92eb64800_0 .net "read_data", 31 0, L_000001f92eb64620;  1 drivers
v000001f92eb64940_0 .var "write_data", 31 0;
S_000001f92eae2ce0 .scope module, "uut" "dmem" 3 12, 4 1 0, S_000001f92eace870;
 .timescale 0 0;
    .port_info 0 /INPUT 1 "clk";
    .port_info 1 /INPUT 1 "MemRead";
    .port_info 2 /INPUT 1 "MemWrite";
    .port_info 3 /INPUT 32 "addr";
    .port_info 4 /INPUT 32 "write_data";
    .port_info 5 /OUTPUT 32 "read_data";
v000001f92eae33b0_0 .net "MemRead", 0 0, v000001f92eae2fb0_0;  1 drivers
v000001f92eac9f60_0 .net "MemWrite", 0 0, v000001f92eb64580_0;  1 drivers
v000001f92eacea00_0 .net *"_ivl_0", 31 0, L_000001f92eb644e0;  1 drivers
v000001f92eaceaa0_0 .net *"_ivl_3", 29 0, L_000001f92eb64b20;  1 drivers
L_000001f92eb65048 .functor BUFT 1, C4<00000000000000000000000000000000>, C4<0>, C4<0>, C4<0>;
v000001f92eacbc00_0 .net/2u *"_ivl_4", 31 0, L_000001f92eb65048;  1 drivers
v000001f92eacbca0_0 .net "addr", 31 0, v000001f92eb64d00_0;  1 drivers
v000001f92eacbd40_0 .net "clk", 0 0, v000001f92eb641c0_0;  1 drivers
v000001f92eacbde0 .array "memory", 255 0, 31 0;
v000001f92eae2e70_0 .net "read_data", 31 0, L_000001f92eb64620;  alias, 1 drivers
v000001f92eae2f10_0 .net "write_data", 31 0, v000001f92eb64940_0;  1 drivers
E_000001f92eb057b0 .event posedge, v000001f92eacbd40_0;
L_000001f92eb644e0 .array/port v000001f92eacbde0, L_000001f92eb64b20;
L_000001f92eb64b20 .part v000001f92eb64d00_0, 2, 30;
L_000001f92eb64620 .functor MUXZ 32, L_000001f92eb65048, L_000001f92eb644e0, v000001f92eae2fb0_0, C4<>;
    .scope S_000001f92eae2ce0;
T_0 ;
    %pushi/vec4 100, 0, 32;
    %ix/load 4, 0, 0;
    %flag_set/imm 4, 0;
    %store/vec4a v000001f92eacbde0, 4, 0;
    %pushi/vec4 200, 0, 32;
    %ix/load 4, 1, 0;
    %flag_set/imm 4, 0;
    %store/vec4a v000001f92eacbde0, 4, 0;
    %pushi/vec4 300, 0, 32;
    %ix/load 4, 2, 0;
    %flag_set/imm 4, 0;
    %store/vec4a v000001f92eacbde0, 4, 0;
    %pushi/vec4 400, 0, 32;
    %ix/load 4, 3, 0;
    %flag_set/imm 4, 0;
    %store/vec4a v000001f92eacbde0, 4, 0;
    %end;
    .thread T_0;
    .scope S_000001f92eae2ce0;
T_1 ;
    %wait E_000001f92eb057b0;
    %load/vec4 v000001f92eac9f60_0;
    %flag_set/vec4 8;
    %jmp/0xz  T_1.0, 8;
    %load/vec4 v000001f92eae2f10_0;
    %load/vec4 v000001f92eacbca0_0;
    %parti/s 30, 2, 3;
    %ix/vec4 3;
    %ix/load 4, 0, 0; Constant delay
    %assign/vec4/a/d v000001f92eacbde0, 0, 4;
T_1.0 ;
    %jmp T_1;
    .thread T_1;
    .scope S_000001f92eace870;
T_2 ;
    %delay 5000, 0;
    %load/vec4 v000001f92eb641c0_0;
    %inv;
    %store/vec4 v000001f92eb641c0_0, 0, 1;
    %jmp T_2;
    .thread T_2;
    .scope S_000001f92eace870;
T_3 ;
    %pushi/vec4 0, 0, 1;
    %store/vec4 v000001f92eb641c0_0, 0, 1;
    %vpi_call/w 3 28 "$dumpfile", "dmem.vcd" {0 0 0};
    %vpi_call/w 3 29 "$dumpvars", 32'sb00000000000000000000000000000000, S_000001f92eace870 {0 0 0};
    %pushi/vec4 1, 0, 1;
    %store/vec4 v000001f92eae2fb0_0, 0, 1;
    %pushi/vec4 0, 0, 1;
    %store/vec4 v000001f92eb64580_0, 0, 1;
    %pushi/vec4 0, 0, 32;
    %store/vec4 v000001f92eb64d00_0, 0, 32;
    %delay 10000, 0;
    %pushi/vec4 4, 0, 32;
    %store/vec4 v000001f92eb64d00_0, 0, 32;
    %delay 10000, 0;
    %pushi/vec4 0, 0, 1;
    %store/vec4 v000001f92eae2fb0_0, 0, 1;
    %pushi/vec4 1, 0, 1;
    %store/vec4 v000001f92eb64580_0, 0, 1;
    %pushi/vec4 8, 0, 32;
    %store/vec4 v000001f92eb64d00_0, 0, 32;
    %pushi/vec4 999, 0, 32;
    %store/vec4 v000001f92eb64940_0, 0, 32;
    %delay 10000, 0;
    %pushi/vec4 0, 0, 1;
    %store/vec4 v000001f92eb64580_0, 0, 1;
    %pushi/vec4 1, 0, 1;
    %store/vec4 v000001f92eae2fb0_0, 0, 1;
    %delay 10000, 0;
    %vpi_call/w 3 53 "$finish" {0 0 0};
    %end;
    .thread T_3;
# The file index is used to find the file name in the following table.
:file_names 5;
    "N/A";
    "<interactive>";
    "-";
    "testbench/dmem_tb.sv";
    "rtl/dmem.sv";
