#! /c/Source/iverilog-install/bin/vvp
:ivl_version "12.0 (devel)" "(s20150603-1539-g2693dd32b)";
:ivl_delay_selection "TYPICAL";
:vpi_time_precision - 12;
:vpi_module "C:\iverilog\lib\ivl\system.vpi";
:vpi_module "C:\iverilog\lib\ivl\vhdl_sys.vpi";
:vpi_module "C:\iverilog\lib\ivl\vhdl_textio.vpi";
:vpi_module "C:\iverilog\lib\ivl\v2005_math.vpi";
:vpi_module "C:\iverilog\lib\ivl\va_math.vpi";
:vpi_module "C:\iverilog\lib\ivl\v2009.vpi";
S_0000027ca80be010 .scope package, "$unit" "$unit" 2 1;
 .timescale 0 0;
S_0000027ca80be1a0 .scope module, "ex_mem_tb" "ex_mem_tb" 3 3;
 .timescale -9 -12;
v0000027ca8104150_0 .var "alu_result_in", 31 0;
v0000027ca81041f0_0 .net "alu_result_out", 31 0, v0000027ca80be330_0;  1 drivers
v0000027ca8104290_0 .var "clk", 0 0;
v0000027ca8104330_0 .var "rd_in", 4 0;
v0000027ca81043d0_0 .net "rd_out", 4 0, v0000027ca80d2f10_0;  1 drivers
v0000027ca8104470_0 .var "reset", 0 0;
v0000027ca8104510_0 .var "write_data_in", 31 0;
v0000027ca8154370_0 .net "write_data_out", 31 0, v0000027ca81040b0_0;  1 drivers
S_0000027ca80d2ce0 .scope module, "uut" "ex_mem" 3 16, 4 1 0, S_0000027ca80be1a0;
 .timescale 0 0;
    .port_info 0 /INPUT 1 "clk";
    .port_info 1 /INPUT 1 "reset";
    .port_info 2 /INPUT 32 "alu_result_in";
    .port_info 3 /INPUT 32 "write_data_in";
    .port_info 4 /INPUT 5 "rd_in";
    .port_info 5 /OUTPUT 32 "alu_result_out";
    .port_info 6 /OUTPUT 32 "write_data_out";
    .port_info 7 /OUTPUT 5 "rd_out";
v0000027ca80d33b0_0 .net "alu_result_in", 31 0, v0000027ca8104150_0;  1 drivers
v0000027ca80be330_0 .var "alu_result_out", 31 0;
v0000027ca80be3d0_0 .net "clk", 0 0, v0000027ca8104290_0;  1 drivers
v0000027ca80d2e70_0 .net "rd_in", 4 0, v0000027ca8104330_0;  1 drivers
v0000027ca80d2f10_0 .var "rd_out", 4 0;
v0000027ca80d2fb0_0 .net "reset", 0 0, v0000027ca8104470_0;  1 drivers
v0000027ca80d3050_0 .net "write_data_in", 31 0, v0000027ca8104510_0;  1 drivers
v0000027ca81040b0_0 .var "write_data_out", 31 0;
E_0000027ca80ba8c0 .event posedge, v0000027ca80d2fb0_0, v0000027ca80be3d0_0;
    .scope S_0000027ca80d2ce0;
T_0 ;
    %wait E_0000027ca80ba8c0;
    %load/vec4 v0000027ca80d2fb0_0;
    %flag_set/vec4 8;
    %jmp/0xz  T_0.0, 8;
    %pushi/vec4 0, 0, 32;
    %assign/vec4 v0000027ca80be330_0, 0;
    %pushi/vec4 0, 0, 32;
    %assign/vec4 v0000027ca81040b0_0, 0;
    %pushi/vec4 0, 0, 5;
    %assign/vec4 v0000027ca80d2f10_0, 0;
    %jmp T_0.1;
T_0.0 ;
    %load/vec4 v0000027ca80d33b0_0;
    %assign/vec4 v0000027ca80be330_0, 0;
    %load/vec4 v0000027ca80d3050_0;
    %assign/vec4 v0000027ca81040b0_0, 0;
    %load/vec4 v0000027ca80d2e70_0;
    %assign/vec4 v0000027ca80d2f10_0, 0;
T_0.1 ;
    %jmp T_0;
    .thread T_0;
    .scope S_0000027ca80be1a0;
T_1 ;
    %delay 5000, 0;
    %load/vec4 v0000027ca8104290_0;
    %inv;
    %store/vec4 v0000027ca8104290_0, 0, 1;
    %jmp T_1;
    .thread T_1;
    .scope S_0000027ca80be1a0;
T_2 ;
    %pushi/vec4 0, 0, 1;
    %store/vec4 v0000027ca8104290_0, 0, 1;
    %pushi/vec4 1, 0, 1;
    %store/vec4 v0000027ca8104470_0, 0, 1;
    %vpi_call/w 3 37 "$dumpfile", "ex_mem.vcd" {0 0 0};
    %vpi_call/w 3 38 "$dumpvars", 32'sb00000000000000000000000000000000, S_0000027ca80be1a0 {0 0 0};
    %pushi/vec4 0, 0, 32;
    %store/vec4 v0000027ca8104150_0, 0, 32;
    %pushi/vec4 0, 0, 32;
    %store/vec4 v0000027ca8104510_0, 0, 32;
    %pushi/vec4 0, 0, 5;
    %store/vec4 v0000027ca8104330_0, 0, 5;
    %delay 10000, 0;
    %pushi/vec4 0, 0, 1;
    %store/vec4 v0000027ca8104470_0, 0, 1;
    %pushi/vec4 125, 0, 32;
    %store/vec4 v0000027ca8104150_0, 0, 32;
    %pushi/vec4 50, 0, 32;
    %store/vec4 v0000027ca8104510_0, 0, 32;
    %pushi/vec4 3, 0, 5;
    %store/vec4 v0000027ca8104330_0, 0, 5;
    %delay 10000, 0;
    %pushi/vec4 250, 0, 32;
    %store/vec4 v0000027ca8104150_0, 0, 32;
    %pushi/vec4 75, 0, 32;
    %store/vec4 v0000027ca8104510_0, 0, 32;
    %pushi/vec4 6, 0, 5;
    %store/vec4 v0000027ca8104330_0, 0, 5;
    %delay 10000, 0;
    %pushi/vec4 500, 0, 32;
    %store/vec4 v0000027ca8104150_0, 0, 32;
    %pushi/vec4 100, 0, 32;
    %store/vec4 v0000027ca8104510_0, 0, 32;
    %pushi/vec4 9, 0, 5;
    %store/vec4 v0000027ca8104330_0, 0, 5;
    %delay 10000, 0;
    %vpi_call/w 3 69 "$finish" {0 0 0};
    %end;
    .thread T_2;
# The file index is used to find the file name in the following table.
:file_names 5;
    "N/A";
    "<interactive>";
    "-";
    "testbench/ex_mem_tb.sv";
    "rtl/ex_mem.sv";
