#! /c/Source/iverilog-install/bin/vvp
:ivl_version "12.0 (devel)" "(s20150603-1539-g2693dd32b)";
:ivl_delay_selection "TYPICAL";
:vpi_time_precision - 12;
:vpi_module "C:\iverilog\lib\ivl\system.vpi";
:vpi_module "C:\iverilog\lib\ivl\vhdl_sys.vpi";
:vpi_module "C:\iverilog\lib\ivl\vhdl_textio.vpi";
:vpi_module "C:\iverilog\lib\ivl\v2005_math.vpi";
:vpi_module "C:\iverilog\lib\ivl\va_math.vpi";
:vpi_module "C:\iverilog\lib\ivl\v2009.vpi";
S_000002691a18bb70 .scope package, "$unit" "$unit" 2 1;
 .timescale 0 0;
S_000002691a0c9ba0 .scope module, "id_ex_tb" "id_ex_tb" 3 3;
 .timescale -9 -12;
v000002691a0c3800_0 .var "clk", 0 0;
v000002691a0c31c0_0 .var "imm_in", 31 0;
v000002691a0c3440_0 .net "imm_out", 31 0, v000002691a18bd00_0;  1 drivers
v000002691a0c36c0_0 .var "pc_in", 31 0;
v000002691a0c3760_0 .net "pc_out", 31 0, v000002691a120870_0;  1 drivers
v000002691a0c34e0_0 .var "rd1_in", 31 0;
v000002691a0c3260_0 .net "rd1_out", 31 0, v000002691a1209b0_0;  1 drivers
v000002691a0c3300_0 .var "rd2_in", 31 0;
v000002691a0c33a0_0 .net "rd2_out", 31 0, v000002691a120af0_0;  1 drivers
v000002691a0c3580_0 .var "rd_in", 4 0;
v000002691a0c3620_0 .net "rd_out", 4 0, v000002691a120c30_0;  1 drivers
v000002691a1219a0_0 .var "reset", 0 0;
v000002691a121e00_0 .var "rs1_in", 4 0;
v000002691a121cc0_0 .net "rs1_out", 4 0, v000002691a120e10_0;  1 drivers
v000002691a121fe0_0 .var "rs2_in", 4 0;
v000002691a1226c0_0 .net "rs2_out", 4 0, v000002691a0c3120_0;  1 drivers
S_000002691a0c9d30 .scope module, "uut" "id_ex" 3 26, 4 1 0, S_000002691a0c9ba0;
 .timescale 0 0;
    .port_info 0 /INPUT 1 "clk";
    .port_info 1 /INPUT 1 "reset";
    .port_info 2 /INPUT 32 "pc_in";
    .port_info 3 /INPUT 32 "rd1_in";
    .port_info 4 /INPUT 32 "rd2_in";
    .port_info 5 /INPUT 32 "imm_in";
    .port_info 6 /INPUT 5 "rs1_in";
    .port_info 7 /INPUT 5 "rs2_in";
    .port_info 8 /INPUT 5 "rd_in";
    .port_info 9 /OUTPUT 32 "pc_out";
    .port_info 10 /OUTPUT 32 "rd1_out";
    .port_info 11 /OUTPUT 32 "rd2_out";
    .port_info 12 /OUTPUT 32 "imm_out";
    .port_info 13 /OUTPUT 5 "rs1_out";
    .port_info 14 /OUTPUT 5 "rs2_out";
    .port_info 15 /OUTPUT 5 "rd_out";
v000002691a0933b0_0 .net "clk", 0 0, v000002691a0c3800_0;  1 drivers
v000002691a0930e0_0 .net "imm_in", 31 0, v000002691a0c31c0_0;  1 drivers
v000002691a18bd00_0 .var "imm_out", 31 0;
v000002691a18bda0_0 .net "pc_in", 31 0, v000002691a0c36c0_0;  1 drivers
v000002691a120870_0 .var "pc_out", 31 0;
v000002691a120910_0 .net "rd1_in", 31 0, v000002691a0c34e0_0;  1 drivers
v000002691a1209b0_0 .var "rd1_out", 31 0;
v000002691a120a50_0 .net "rd2_in", 31 0, v000002691a0c3300_0;  1 drivers
v000002691a120af0_0 .var "rd2_out", 31 0;
v000002691a120b90_0 .net "rd_in", 4 0, v000002691a0c3580_0;  1 drivers
v000002691a120c30_0 .var "rd_out", 4 0;
v000002691a120cd0_0 .net "reset", 0 0, v000002691a1219a0_0;  1 drivers
v000002691a120d70_0 .net "rs1_in", 4 0, v000002691a121e00_0;  1 drivers
v000002691a120e10_0 .var "rs1_out", 4 0;
v000002691a120eb0_0 .net "rs2_in", 4 0, v000002691a121fe0_0;  1 drivers
v000002691a0c3120_0 .var "rs2_out", 4 0;
E_000002691a188e40 .event posedge, v000002691a120cd0_0, v000002691a0933b0_0;
    .scope S_000002691a0c9d30;
T_0 ;
    %wait E_000002691a188e40;
    %load/vec4 v000002691a120cd0_0;
    %flag_set/vec4 8;
    %jmp/0xz  T_0.0, 8;
    %pushi/vec4 0, 0, 32;
    %assign/vec4 v000002691a120870_0, 0;
    %pushi/vec4 0, 0, 32;
    %assign/vec4 v000002691a1209b0_0, 0;
    %pushi/vec4 0, 0, 32;
    %assign/vec4 v000002691a120af0_0, 0;
    %pushi/vec4 0, 0, 32;
    %assign/vec4 v000002691a18bd00_0, 0;
    %pushi/vec4 0, 0, 5;
    %assign/vec4 v000002691a120e10_0, 0;
    %pushi/vec4 0, 0, 5;
    %assign/vec4 v000002691a0c3120_0, 0;
    %pushi/vec4 0, 0, 5;
    %assign/vec4 v000002691a120c30_0, 0;
    %jmp T_0.1;
T_0.0 ;
    %load/vec4 v000002691a18bda0_0;
    %assign/vec4 v000002691a120870_0, 0;
    %load/vec4 v000002691a120910_0;
    %assign/vec4 v000002691a1209b0_0, 0;
    %load/vec4 v000002691a120a50_0;
    %assign/vec4 v000002691a120af0_0, 0;
    %load/vec4 v000002691a0930e0_0;
    %assign/vec4 v000002691a18bd00_0, 0;
    %load/vec4 v000002691a120d70_0;
    %assign/vec4 v000002691a120e10_0, 0;
    %load/vec4 v000002691a120eb0_0;
    %assign/vec4 v000002691a0c3120_0, 0;
    %load/vec4 v000002691a120b90_0;
    %assign/vec4 v000002691a120c30_0, 0;
T_0.1 ;
    %jmp T_0;
    .thread T_0;
    .scope S_000002691a0c9ba0;
T_1 ;
    %delay 5000, 0;
    %load/vec4 v000002691a0c3800_0;
    %inv;
    %store/vec4 v000002691a0c3800_0, 0, 1;
    %jmp T_1;
    .thread T_1;
    .scope S_000002691a0c9ba0;
T_2 ;
    %pushi/vec4 0, 0, 1;
    %store/vec4 v000002691a0c3800_0, 0, 1;
    %pushi/vec4 1, 0, 1;
    %store/vec4 v000002691a1219a0_0, 0, 1;
    %vpi_call/w 3 57 "$dumpfile", "id_ex.vcd" {0 0 0};
    %vpi_call/w 3 58 "$dumpvars", 32'sb00000000000000000000000000000000, S_000002691a0c9ba0 {0 0 0};
    %pushi/vec4 0, 0, 32;
    %store/vec4 v000002691a0c36c0_0, 0, 32;
    %pushi/vec4 0, 0, 32;
    %store/vec4 v000002691a0c34e0_0, 0, 32;
    %pushi/vec4 0, 0, 32;
    %store/vec4 v000002691a0c3300_0, 0, 32;
    %pushi/vec4 0, 0, 32;
    %store/vec4 v000002691a0c31c0_0, 0, 32;
    %pushi/vec4 0, 0, 5;
    %store/vec4 v000002691a121e00_0, 0, 5;
    %pushi/vec4 0, 0, 5;
    %store/vec4 v000002691a121fe0_0, 0, 5;
    %pushi/vec4 0, 0, 5;
    %store/vec4 v000002691a0c3580_0, 0, 5;
    %delay 10000, 0;
    %pushi/vec4 0, 0, 1;
    %store/vec4 v000002691a1219a0_0, 0, 1;
    %pushi/vec4 4, 0, 32;
    %store/vec4 v000002691a0c36c0_0, 0, 32;
    %pushi/vec4 25, 0, 32;
    %store/vec4 v000002691a0c34e0_0, 0, 32;
    %pushi/vec4 100, 0, 32;
    %store/vec4 v000002691a0c3300_0, 0, 32;
    %pushi/vec4 8, 0, 32;
    %store/vec4 v000002691a0c31c0_0, 0, 32;
    %pushi/vec4 1, 0, 5;
    %store/vec4 v000002691a121e00_0, 0, 5;
    %pushi/vec4 2, 0, 5;
    %store/vec4 v000002691a121fe0_0, 0, 5;
    %pushi/vec4 3, 0, 5;
    %store/vec4 v000002691a0c3580_0, 0, 5;
    %delay 10000, 0;
    %pushi/vec4 8, 0, 32;
    %store/vec4 v000002691a0c36c0_0, 0, 32;
    %pushi/vec4 50, 0, 32;
    %store/vec4 v000002691a0c34e0_0, 0, 32;
    %pushi/vec4 200, 0, 32;
    %store/vec4 v000002691a0c3300_0, 0, 32;
    %pushi/vec4 16, 0, 32;
    %store/vec4 v000002691a0c31c0_0, 0, 32;
    %pushi/vec4 4, 0, 5;
    %store/vec4 v000002691a121e00_0, 0, 5;
    %pushi/vec4 5, 0, 5;
    %store/vec4 v000002691a121fe0_0, 0, 5;
    %pushi/vec4 6, 0, 5;
    %store/vec4 v000002691a0c3580_0, 0, 5;
    %delay 10000, 0;
    %pushi/vec4 12, 0, 32;
    %store/vec4 v000002691a0c36c0_0, 0, 32;
    %pushi/vec4 75, 0, 32;
    %store/vec4 v000002691a0c34e0_0, 0, 32;
    %pushi/vec4 300, 0, 32;
    %store/vec4 v000002691a0c3300_0, 0, 32;
    %pushi/vec4 24, 0, 32;
    %store/vec4 v000002691a0c31c0_0, 0, 32;
    %pushi/vec4 7, 0, 5;
    %store/vec4 v000002691a121e00_0, 0, 5;
    %pushi/vec4 8, 0, 5;
    %store/vec4 v000002691a121fe0_0, 0, 5;
    %pushi/vec4 9, 0, 5;
    %store/vec4 v000002691a0c3580_0, 0, 5;
    %delay 10000, 0;
    %vpi_call/w 3 105 "$finish" {0 0 0};
    %end;
    .thread T_2;
# The file index is used to find the file name in the following table.
:file_names 5;
    "N/A";
    "<interactive>";
    "-";
    "testbench/id_ex_tb.sv";
    "rtl/id_ex.sv";
