#! /c/Source/iverilog-install/bin/vvp
:ivl_version "12.0 (devel)" "(s20150603-1539-g2693dd32b)";
:ivl_delay_selection "TYPICAL";
:vpi_time_precision - 12;
:vpi_module "C:\iverilog\lib\ivl\system.vpi";
:vpi_module "C:\iverilog\lib\ivl\vhdl_sys.vpi";
:vpi_module "C:\iverilog\lib\ivl\vhdl_textio.vpi";
:vpi_module "C:\iverilog\lib\ivl\v2005_math.vpi";
:vpi_module "C:\iverilog\lib\ivl\va_math.vpi";
:vpi_module "C:\iverilog\lib\ivl\v2009.vpi";
S_00000267ed6bd490 .scope package, "$unit" "$unit" 2 1;
 .timescale 0 0;
S_00000267ed6bd620 .scope module, "if_id_tb" "if_id_tb" 3 3;
 .timescale -9 -12;
v00000267ed922fb0_0 .var "clk", 0 0;
v00000267ed923050_0 .var "instruction_in", 31 0;
v00000267ed9a0820_0 .net "instruction_out", 31 0, v00000267ed6bd7b0_0;  1 drivers
v00000267ed9a08c0_0 .var "pc_in", 31 0;
v00000267ed9a0960_0 .net "pc_out", 31 0, v00000267ed922e70_0;  1 drivers
v00000267ed9a0a00_0 .var "reset", 0 0;
S_00000267ed922ce0 .scope module, "uut" "if_id" 3 14, 4 1 0, S_00000267ed6bd620;
 .timescale 0 0;
    .port_info 0 /INPUT 1 "clk";
    .port_info 1 /INPUT 1 "reset";
    .port_info 2 /INPUT 32 "pc_in";
    .port_info 3 /INPUT 32 "instruction_in";
    .port_info 4 /OUTPUT 32 "pc_out";
    .port_info 5 /OUTPUT 32 "instruction_out";
v00000267ed9233b0_0 .net "clk", 0 0, v00000267ed922fb0_0;  1 drivers
v00000267ed6bbd90_0 .net "instruction_in", 31 0, v00000267ed923050_0;  1 drivers
v00000267ed6bd7b0_0 .var "instruction_out", 31 0;
v00000267ed6bd850_0 .net "pc_in", 31 0, v00000267ed9a08c0_0;  1 drivers
v00000267ed922e70_0 .var "pc_out", 31 0;
v00000267ed922f10_0 .net "reset", 0 0, v00000267ed9a0a00_0;  1 drivers
E_00000267ed959630 .event posedge, v00000267ed922f10_0, v00000267ed9233b0_0;
    .scope S_00000267ed922ce0;
T_0 ;
    %wait E_00000267ed959630;
    %load/vec4 v00000267ed922f10_0;
    %flag_set/vec4 8;
    %jmp/0xz  T_0.0, 8;
    %pushi/vec4 0, 0, 32;
    %assign/vec4 v00000267ed922e70_0, 0;
    %pushi/vec4 0, 0, 32;
    %assign/vec4 v00000267ed6bd7b0_0, 0;
    %jmp T_0.1;
T_0.0 ;
    %load/vec4 v00000267ed6bd850_0;
    %assign/vec4 v00000267ed922e70_0, 0;
    %load/vec4 v00000267ed6bbd90_0;
    %assign/vec4 v00000267ed6bd7b0_0, 0;
T_0.1 ;
    %jmp T_0;
    .thread T_0;
    .scope S_00000267ed6bd620;
T_1 ;
    %delay 5000, 0;
    %load/vec4 v00000267ed922fb0_0;
    %inv;
    %store/vec4 v00000267ed922fb0_0, 0, 1;
    %jmp T_1;
    .thread T_1;
    .scope S_00000267ed6bd620;
T_2 ;
    %pushi/vec4 0, 0, 1;
    %store/vec4 v00000267ed922fb0_0, 0, 1;
    %pushi/vec4 1, 0, 1;
    %store/vec4 v00000267ed9a0a00_0, 0, 1;
    %vpi_call/w 3 31 "$dumpfile", "if_id.vcd" {0 0 0};
    %vpi_call/w 3 32 "$dumpvars", 32'sb00000000000000000000000000000000, S_00000267ed6bd620 {0 0 0};
    %pushi/vec4 0, 0, 32;
    %store/vec4 v00000267ed9a08c0_0, 0, 32;
    %pushi/vec4 0, 0, 32;
    %store/vec4 v00000267ed923050_0, 0, 32;
    %delay 10000, 0;
    %pushi/vec4 0, 0, 1;
    %store/vec4 v00000267ed9a0a00_0, 0, 1;
    %pushi/vec4 4, 0, 32;
    %store/vec4 v00000267ed9a08c0_0, 0, 32;
    %pushi/vec4 5243027, 0, 32;
    %store/vec4 v00000267ed923050_0, 0, 32;
    %delay 10000, 0;
    %pushi/vec4 8, 0, 32;
    %store/vec4 v00000267ed9a08c0_0, 0, 32;
    %pushi/vec4 10486035, 0, 32;
    %store/vec4 v00000267ed923050_0, 0, 32;
    %delay 10000, 0;
    %pushi/vec4 12, 0, 32;
    %store/vec4 v00000267ed9a08c0_0, 0, 32;
    %pushi/vec4 2130355, 0, 32;
    %store/vec4 v00000267ed923050_0, 0, 32;
    %delay 10000, 0;
    %vpi_call/w 3 53 "$finish" {0 0 0};
    %end;
    .thread T_2;
# The file index is used to find the file name in the following table.
:file_names 5;
    "N/A";
    "<interactive>";
    "-";
    "testbench/if_id_tb.sv";
    "rtl/if_id.sv";
