#! /c/Source/iverilog-install/bin/vvp
:ivl_version "12.0 (devel)" "(s20150603-1539-g2693dd32b)";
:ivl_delay_selection "TYPICAL";
:vpi_time_precision - 12;
:vpi_module "C:\iverilog\lib\ivl\system.vpi";
:vpi_module "C:\iverilog\lib\ivl\vhdl_sys.vpi";
:vpi_module "C:\iverilog\lib\ivl\vhdl_textio.vpi";
:vpi_module "C:\iverilog\lib\ivl\v2005_math.vpi";
:vpi_module "C:\iverilog\lib\ivl\va_math.vpi";
:vpi_module "C:\iverilog\lib\ivl\v2009.vpi";
S_0000014d3c546ab0 .scope package, "$unit" "$unit" 2 1;
 .timescale 0 0;
S_0000014d3c546c40 .scope module, "imem_tb" "imem_tb" 3 3;
 .timescale -9 -12;
v0000014d3c4fbda0_0 .var "addr", 31 0;
v0000014d3c512e70_0 .net "instruction", 31 0, L_0000014d3c4f8f30;  1 drivers
S_0000014d3c512ce0 .scope module, "uut" "imem" 3 8, 4 1 0, S_0000014d3c546c40;
 .timescale 0 0;
    .port_info 0 /INPUT 32 "addr";
    .port_info 1 /OUTPUT 32 "instruction";
L_0000014d3c4f8f30 .functor BUFZ 32, L_0000014d3c512f10, C4<00000000000000000000000000000000>, C4<00000000000000000000000000000000>, C4<00000000000000000000000000000000>;
v0000014d3c5134b0_0 .net *"_ivl_0", 31 0, L_0000014d3c512f10;  1 drivers
v0000014d3c4f8e90_0 .net *"_ivl_3", 29 0, L_0000014d3c512fb0;  1 drivers
v0000014d3c546dd0_0 .net "addr", 31 0, v0000014d3c4fbda0_0;  1 drivers
v0000014d3c546e70_0 .net "instruction", 31 0, L_0000014d3c4f8f30;  alias, 1 drivers
v0000014d3c4fbd00 .array "memory", 255 0, 31 0;
L_0000014d3c512f10 .array/port v0000014d3c4fbd00, L_0000014d3c512fb0;
L_0000014d3c512fb0 .part v0000014d3c4fbda0_0, 2, 30;
    .scope S_0000014d3c512ce0;
T_0 ;
    %pushi/vec4 5243027, 0, 32;
    %ix/load 4, 0, 0;
    %flag_set/imm 4, 0;
    %store/vec4a v0000014d3c4fbd00, 4, 0;
    %pushi/vec4 10486035, 0, 32;
    %ix/load 4, 1, 0;
    %flag_set/imm 4, 0;
    %store/vec4a v0000014d3c4fbd00, 4, 0;
    %pushi/vec4 2130355, 0, 32;
    %ix/load 4, 2, 0;
    %flag_set/imm 4, 0;
    %store/vec4a v0000014d3c4fbd00, 4, 0;
    %pushi/vec4 19, 0, 32;
    %ix/load 4, 3, 0;
    %flag_set/imm 4, 0;
    %store/vec4a v0000014d3c4fbd00, 4, 0;
    %end;
    .thread T_0;
    .scope S_0000014d3c546c40;
T_1 ;
    %vpi_call/w 3 14 "$dumpfile", "imem.vcd" {0 0 0};
    %vpi_call/w 3 15 "$dumpvars", 32'sb00000000000000000000000000000000, S_0000014d3c546c40 {0 0 0};
    %pushi/vec4 0, 0, 32;
    %store/vec4 v0000014d3c4fbda0_0, 0, 32;
    %delay 10000, 0;
    %pushi/vec4 4, 0, 32;
    %store/vec4 v0000014d3c4fbda0_0, 0, 32;
    %delay 10000, 0;
    %pushi/vec4 8, 0, 32;
    %store/vec4 v0000014d3c4fbda0_0, 0, 32;
    %delay 10000, 0;
    %pushi/vec4 12, 0, 32;
    %store/vec4 v0000014d3c4fbda0_0, 0, 32;
    %delay 10000, 0;
    %vpi_call/w 3 29 "$finish" {0 0 0};
    %end;
    .thread T_1;
# The file index is used to find the file name in the following table.
:file_names 5;
    "N/A";
    "<interactive>";
    "-";
    "testbench/imem_tb.sv";
    "rtl/imem.sv";
