#! /c/Source/iverilog-install/bin/vvp
:ivl_version "12.0 (devel)" "(s20150603-1539-g2693dd32b)";
:ivl_delay_selection "TYPICAL";
:vpi_time_precision - 12;
:vpi_module "C:\iverilog\lib\ivl\system.vpi";
:vpi_module "C:\iverilog\lib\ivl\vhdl_sys.vpi";
:vpi_module "C:\iverilog\lib\ivl\vhdl_textio.vpi";
:vpi_module "C:\iverilog\lib\ivl\v2005_math.vpi";
:vpi_module "C:\iverilog\lib\ivl\va_math.vpi";
:vpi_module "C:\iverilog\lib\ivl\v2009.vpi";
S_00000290d15adbe0 .scope package, "$unit" "$unit" 2 1;
 .timescale 0 0;
S_00000290d15add70 .scope module, "imm_gen_tb" "imm_gen_tb" 3 3;
 .timescale -9 -12;
v00000290d15adfa0_0 .net "imm_out", 31 0, v00000290d15adf00_0;  1 drivers
v00000290d15c2e70_0 .var "instruction", 31 0;
S_00000290d15c2ce0 .scope module, "uut" "imm_gen" 3 8, 4 1 0, S_00000290d15add70;
 .timescale 0 0;
    .port_info 0 /INPUT 32 "instruction";
    .port_info 1 /OUTPUT 32 "imm_out";
v00000290d15adf00_0 .var "imm_out", 31 0;
v00000290d15f4f30_0 .net "instruction", 31 0, v00000290d15c2e70_0;  1 drivers
E_00000290d15aba80/0 .event anyedge, v00000290d15f4f30_0, v00000290d15f4f30_0, v00000290d15f4f30_0, v00000290d15f4f30_0;
E_00000290d15aba80/1 .event anyedge, v00000290d15f4f30_0, v00000290d15f4f30_0, v00000290d15f4f30_0, v00000290d15f4f30_0;
E_00000290d15aba80 .event/or E_00000290d15aba80/0, E_00000290d15aba80/1;
    .scope S_00000290d15c2ce0;
T_0 ;
Ewait_0 .event/or E_00000290d15aba80, E_0x0;
    %wait Ewait_0;
    %load/vec4 v00000290d15f4f30_0;
    %parti/s 7, 0, 2;
    %dup/vec4;
    %pushi/vec4 3, 0, 7;
    %cmp/u;
    %jmp/1 T_0.0, 6;
    %dup/vec4;
    %pushi/vec4 19, 0, 7;
    %cmp/u;
    %jmp/1 T_0.1, 6;
    %dup/vec4;
    %pushi/vec4 35, 0, 7;
    %cmp/u;
    %jmp/1 T_0.2, 6;
    %dup/vec4;
    %pushi/vec4 99, 0, 7;
    %cmp/u;
    %jmp/1 T_0.3, 6;
    %pushi/vec4 0, 0, 32;
    %store/vec4 v00000290d15adf00_0, 0, 32;
    %jmp T_0.5;
T_0.0 ;
    %load/vec4 v00000290d15f4f30_0;
    %parti/s 1, 31, 6;
    %replicate 20;
    %load/vec4 v00000290d15f4f30_0;
    %parti/s 12, 20, 6;
    %concat/vec4; draw_concat_vec4
    %store/vec4 v00000290d15adf00_0, 0, 32;
    %jmp T_0.5;
T_0.1 ;
    %load/vec4 v00000290d15f4f30_0;
    %parti/s 1, 31, 6;
    %replicate 20;
    %load/vec4 v00000290d15f4f30_0;
    %parti/s 12, 20, 6;
    %concat/vec4; draw_concat_vec4
    %store/vec4 v00000290d15adf00_0, 0, 32;
    %jmp T_0.5;
T_0.2 ;
    %load/vec4 v00000290d15f4f30_0;
    %parti/s 1, 31, 6;
    %replicate 20;
    %load/vec4 v00000290d15f4f30_0;
    %parti/s 7, 25, 6;
    %concat/vec4; draw_concat_vec4
    %load/vec4 v00000290d15f4f30_0;
    %parti/s 5, 7, 4;
    %concat/vec4; draw_concat_vec4
    %store/vec4 v00000290d15adf00_0, 0, 32;
    %jmp T_0.5;
T_0.3 ;
    %load/vec4 v00000290d15f4f30_0;
    %parti/s 1, 31, 6;
    %replicate 19;
    %load/vec4 v00000290d15f4f30_0;
    %parti/s 1, 31, 6;
    %concat/vec4; draw_concat_vec4
    %load/vec4 v00000290d15f4f30_0;
    %parti/s 1, 7, 4;
    %concat/vec4; draw_concat_vec4
    %load/vec4 v00000290d15f4f30_0;
    %parti/s 6, 25, 6;
    %concat/vec4; draw_concat_vec4
    %load/vec4 v00000290d15f4f30_0;
    %parti/s 4, 8, 5;
    %concat/vec4; draw_concat_vec4
    %concati/vec4 0, 0, 1;
    %store/vec4 v00000290d15adf00_0, 0, 32;
    %jmp T_0.5;
T_0.5 ;
    %pop/vec4 1;
    %jmp T_0;
    .thread T_0, $push;
    .scope S_00000290d15add70;
T_1 ;
    %vpi_call/w 3 15 "$dumpfile", "imm_gen.vcd" {0 0 0};
    %vpi_call/w 3 16 "$dumpvars", 32'sb00000000000000000000000000000000, S_00000290d15add70 {0 0 0};
    %pushi/vec4 5243027, 0, 32;
    %store/vec4 v00000290d15c2e70_0, 0, 32;
    %delay 10000, 0;
    %pushi/vec4 2139171, 0, 32;
    %store/vec4 v00000290d15c2e70_0, 0, 32;
    %delay 10000, 0;
    %pushi/vec4 2132067, 0, 32;
    %store/vec4 v00000290d15c2e70_0, 0, 32;
    %delay 10000, 0;
    %vpi_call/w 3 30 "$finish" {0 0 0};
    %end;
    .thread T_1;
# The file index is used to find the file name in the following table.
:file_names 5;
    "N/A";
    "<interactive>";
    "-";
    "testbench/imm_gen_tb.sv";
    "rtl/imm_gen.sv";
