#! /c/Source/iverilog-install/bin/vvp
:ivl_version "12.0 (devel)" "(s20150603-1539-g2693dd32b)";
:ivl_delay_selection "TYPICAL";
:vpi_time_precision - 12;
:vpi_module "C:\iverilog\lib\ivl\system.vpi";
:vpi_module "C:\iverilog\lib\ivl\vhdl_sys.vpi";
:vpi_module "C:\iverilog\lib\ivl\vhdl_textio.vpi";
:vpi_module "C:\iverilog\lib\ivl\v2005_math.vpi";
:vpi_module "C:\iverilog\lib\ivl\va_math.vpi";
:vpi_module "C:\iverilog\lib\ivl\v2009.vpi";
S_000002d3eafc6040 .scope package, "$unit" "$unit" 2 1;
 .timescale 0 0;
S_000002d3eafc61d0 .scope module, "pc_tb" "pc_tb" 3 3;
 .timescale -9 -12;
v000002d3eafc6400_0 .var "clk", 0 0;
v000002d3eaf92e70_0 .net "pc_out", 31 0, v000002d3eaf93620_0;  1 drivers
v000002d3eaf92f10_0 .var "reset", 0 0;
S_000002d3eaf92ce0 .scope module, "uut" "pc" 3 9, 4 1 0, S_000002d3eafc61d0;
 .timescale 0 0;
    .port_info 0 /INPUT 1 "clk";
    .port_info 1 /INPUT 1 "reset";
    .port_info 2 /OUTPUT 32 "pc_out";
v000002d3eaf93390_0 .net "clk", 0 0, v000002d3eafc6400_0;  1 drivers
v000002d3eaf93620_0 .var "pc_out", 31 0;
v000002d3eafc6360_0 .net "reset", 0 0, v000002d3eaf92f10_0;  1 drivers
E_000002d3eaf7cc30 .event posedge, v000002d3eafc6360_0, v000002d3eaf93390_0;
    .scope S_000002d3eaf92ce0;
T_0 ;
    %wait E_000002d3eaf7cc30;
    %load/vec4 v000002d3eafc6360_0;
    %flag_set/vec4 8;
    %jmp/0xz  T_0.0, 8;
    %pushi/vec4 0, 0, 32;
    %assign/vec4 v000002d3eaf93620_0, 0;
    %jmp T_0.1;
T_0.0 ;
    %load/vec4 v000002d3eaf93620_0;
    %addi 4, 0, 32;
    %assign/vec4 v000002d3eaf93620_0, 0;
T_0.1 ;
    %jmp T_0;
    .thread T_0;
    .scope S_000002d3eafc61d0;
T_1 ;
    %delay 5000, 0;
    %load/vec4 v000002d3eafc6400_0;
    %inv;
    %store/vec4 v000002d3eafc6400_0, 0, 1;
    %jmp T_1;
    .thread T_1;
    .scope S_000002d3eafc61d0;
T_2 ;
    %vpi_call/w 3 20 "$dumpfile", "pc.vcd" {0 0 0};
    %vpi_call/w 3 21 "$dumpvars", 32'sb00000000000000000000000000000000, S_000002d3eafc61d0 {0 0 0};
    %pushi/vec4 0, 0, 1;
    %store/vec4 v000002d3eafc6400_0, 0, 1;
    %pushi/vec4 1, 0, 1;
    %store/vec4 v000002d3eaf92f10_0, 0, 1;
    %delay 10000, 0;
    %pushi/vec4 0, 0, 1;
    %store/vec4 v000002d3eaf92f10_0, 0, 1;
    %delay 80000, 0;
    %vpi_call/w 3 32 "$finish" {0 0 0};
    %end;
    .thread T_2;
# The file index is used to find the file name in the following table.
:file_names 5;
    "N/A";
    "<interactive>";
    "-";
    "testbench/pc_tb.sv";
    "rtl/pc.sv";
